 bootloader

 Timestamp is 67c47329 (Sun Mar  2 15:03:05 2025)

 Preferred load address is 0000000000000000

 Start         Length     Name                   Class
 0001:00000000 000024edH .text$mn                CODE
 0002:00000000 00001858H .rdata                  DATA
 0002:00001858 00000018H .rdata$voltmd           DATA
 0002:00001870 00000110H .rdata$zzzdbg           DATA
 0002:00001980 00000108H .xdata                  DATA
 0002:00001a88 00000000H .edata                  DATA
 0003:00000000 00000140H .data                   DATA
 0003:00000140 000000a0H .bss                    DATA
 0004:00000000 00000144H .pdata                  DATA

  Address         Publics by Value              Rva+Base               Lib:Object

 0000:00000000       __AbsoluteZero             0000000000000000     <absolute>
 0000:00000000       ___safe_se_handler_count   0000000000000000     <absolute>
 0000:00000000       ___safe_se_handler_table   0000000000000000     <absolute>
 0000:00000000       __arm64x_extra_rfe_table   0000000000000000     <absolute>
 0000:00000000       __arm64x_extra_rfe_table_size 0000000000000000     <absolute>
 0000:00000000       __arm64x_native_entrypoint 0000000000000000     <absolute>
 0000:00000000       __arm64x_redirection_metadata 0000000000000000     <absolute>
 0000:00000000       __arm64x_redirection_metadata_count 0000000000000000     <absolute>
 0000:00000000       __dynamic_value_reloc_table 0000000000000000     <absolute>
 0000:00000000       __enclave_config           0000000000000000     <absolute>
 0000:00000000       __guard_check_icall_a64n_fptr 0000000000000000     <absolute>
 0000:00000000       __guard_eh_cont_count      0000000000000000     <absolute>
 0000:00000000       __guard_eh_cont_table      0000000000000000     <absolute>
 0000:00000000       __guard_fids_count         0000000000000000     <absolute>
 0000:00000000       __guard_fids_table         0000000000000000     <absolute>
 0000:00000000       __guard_flags              0000000000000000     <absolute>
 0000:00000000       __guard_iat_count          0000000000000000     <absolute>
 0000:00000000       __guard_iat_table          0000000000000000     <absolute>
 0000:00000000       __guard_longjmp_count      0000000000000000     <absolute>
 0000:00000000       __guard_longjmp_table      0000000000000000     <absolute>
 0000:00000000       __hybrid_auxiliary_delayload_iat 0000000000000000     <absolute>
 0000:00000000       __hybrid_auxiliary_delayload_iat_copy 0000000000000000     <absolute>
 0000:00000000       __hybrid_auxiliary_iat     0000000000000000     <absolute>
 0000:00000000       __hybrid_auxiliary_iat_copy 0000000000000000     <absolute>
 0000:00000000       __hybrid_code_map          0000000000000000     <absolute>
 0000:00000000       __hybrid_code_map_count    0000000000000000     <absolute>
 0000:00000000       __hybrid_image_info_bitfield 0000000000000000     <absolute>
 0000:00000000       __x64_code_ranges_to_entry_points 0000000000000000     <absolute>
 0000:00000000       __x64_code_ranges_to_entry_points_count 0000000000000000     <absolute>
 0001:00000000       BlGetRootDirectory         0000000000001000 f   filesystem.obj
 0001:000000a8       BlGetRootDirectoryByIndex  00000000000010a8 f   filesystem.obj
 0001:00000198       BlFindFile                 0000000000001198 f   filesystem.obj
 0001:00000228       BlListDirectoryRecursive   0000000000001228 f   filesystem.obj
 0001:000003f0       TRY                        00000000000013f0 f   UefiMain.obj
 0001:00000430       UefiMain                   0000000000001430 f   UefiMain.obj
 0001:00000998       getc                       0000000000001998 f   util.obj
 0001:000009fc       strfmt                     00000000000019fc f   util.obj
 0001:00000a94       StrLen                     0000000000001a94 f   BaseLib:String.obj
 0001:00000b44       StrCmp                     0000000000001b44 f   BaseLib:String.obj
 0001:00000bf4       StrnLenS                   0000000000001bf4 f   BaseLib:SafeString.obj
 0001:00000c54       UnicodeVSPrint             0000000000001c54 f   BasePrintLib:PrintLib.obj
 0001:00000cfc       UnicodeVSPrintAsciiFormat  0000000000001cfc f   BasePrintLib:PrintLib.obj
 0001:00000d7c       UnicodeSPrintAsciiFormat   0000000000001d7c f   BasePrintLib:PrintLib.obj
 0001:00000d9c       BasePrintLibFillBuffer     0000000000001d9c f   BasePrintLib:PrintLibInternal.obj
 0001:00000dd0       BasePrintLibValueToString  0000000000001dd0 f   BasePrintLib:PrintLibInternal.obj
 0001:00000e44       BasePrintLibSPrintMarker   0000000000001e44 f   BasePrintLib:PrintLibInternal.obj
 0001:00001e50       BasePrintLibSPrint         0000000000002e50 f   BasePrintLib:PrintLibInternal.obj
 0001:00001e74       InternalPrint              0000000000002e74 f   UefiLib:UefiLibPrint.obj
 0001:00001f94       Print                      0000000000002f94 f   UefiLib:UefiLibPrint.obj
 0001:00001fc4       DebugPrint                 0000000000002fc4 f   UefiDebugLibConOut:DebugLib.obj
 0001:00002058       DebugAssert                0000000000003058 f   UefiDebugLibConOut:DebugLib.obj
 0001:000020d8       ZeroMem                    00000000000030d8 f   UefiMemoryLib:ZeroMemWrapper.obj
 0001:00002164       InternalAllocatePool       0000000000003164 f   UefiMemoryAllocationLib:MemoryAllocationLib.obj
 0001:00002190       AllocateZeroPool           0000000000003190 f   UefiMemoryAllocationLib:MemoryAllocationLib.obj
 0001:000021b8       FreePool                   00000000000031b8 f   UefiMemoryAllocationLib:MemoryAllocationLib.obj
 0001:0000220c       EfiMain                    000000000000320c f   UefiApplicationEntryPoint:ApplicationEntryPoint.obj
 0001:00002240       ProcessLibraryConstructorList 0000000000003240 f   GlueLib:initlib.obj
 0002:00000000       ??_C@_1IC@OAGJNALE@?$AA?$FL?$AA?5?$AA?$CF?$AAr?$AA?5?$AA?$FN?$AA?5?$AA?9?$AA?5?$AAF?$AAa?$AAi?$AAl?$AAe?$AAd@ 0000000000004000     filesystem.obj
 0002:00000090       ??_C@_1HA@GAMFNIGI@?$AA?$FL?$AA?5?$AA?$CF?$AAr?$AA?5?$AA?$FN?$AA?5?$AA?9?$AA?5?$AAL?$AAo?$AAa?$AAd?$AAe?$AAd@ 0000000000004090     filesystem.obj
 0002:00000100       ??_C@_1HG@IMHFDKEG@?$AA?$FL?$AA?5?$AA?$CF?$AAr?$AA?5?$AA?$FN?$AA?5?$AA?9?$AA?5?$AAC?$AAo?$AAu?$AAl?$AAd?$AA?5@ 0000000000004100     filesystem.obj
 0002:00000180       ??_C@_1IC@DOCAOPHG@?$AA?$FL?$AA?5?$AA?$CF?$AAr?$AA?5?$AA?$FN?$AA?5?$AA?9?$AA?5?$AAC?$AAo?$AAu?$AAl?$AAd?$AA?5@ 0000000000004180     filesystem.obj
 0002:00000210       ??_C@_1GC@OEFBJFJD@?$AA?$FL?$AA?5?$AA?$CF?$AAr?$AA?5?$AA?$FN?$AA?5?$AA?9?$AA?5?$AAF?$AAa?$AAi?$AAl?$AAe?$AAd@ 0000000000004210     filesystem.obj
 0002:00000280       ??_C@_1FK@HINMMFFO@?$AA?$FL?$AA?5?$AA?$CF?$AAr?$AA?5?$AA?$FN?$AA?5?$AA?9?$AA?5?$AAF?$AAa?$AAi?$AAl?$AAe?$AAd@ 0000000000004280     filesystem.obj
 0002:000002e0       ??_C@_1EG@OEKMAOGL@?$AA?$FL?$AA?5?$AA?$CF?$AAr?$AA?5?$AA?$FN?$AA?5?$AA?9?$AA?5?$AAF?$AAa?$AAi?$AAl?$AAe?$AAd@ 00000000000042e0     filesystem.obj
 0002:00000328       ??_C@_13JOFGPIOO@?$AA?4@   0000000000004328     filesystem.obj
 0002:0000032c       ??_C@_15DDHGOCBH@?$AA?4?$AA?4@ 000000000000432c     filesystem.obj
 0002:00000334       ??_C@_15OJKDPEFE@?$AA?5?$AA?5@ 0000000000004334     filesystem.obj
 0002:00000340       ??_C@_1BE@LMLLOHDG@?$AA?$DM?$AAD?$AAI?$AAR?$AA?$DO?$AA?5?$AA?$CF?$AAs?$AA?6@ 0000000000004340     filesystem.obj
 0002:00000360       ??_C@_1EM@LIKHJADD@?$AA?5?$AA?5?$AA?$FL?$AA?5?$AA?$CF?$AAr?$AA?5?$AA?$FN?$AA?5?$AAC?$AAa?$AAn?$AAn?$AAo?$AAt@ 0000000000004360     filesystem.obj
 0002:000003b0       ??_C@_1BE@FMLIJEJJ@?$AA?$CF?$AA?9?$AA6?$AAd?$AA?5?$AA?5?$AA?$CF?$AAs?$AA?6@ 00000000000043b0     filesystem.obj
 0002:000003c8       ??_C@_1DA@LOFHILO@?$AA?6?$AAD?$AAi?$AAr?$AAe?$AAc?$AAt?$AAo?$AAr?$AAy?$AA?5?$AAl?$AAi?$AAs?$AAt@ 00000000000043c8     filesystem.obj
 0002:000003f8       ??_C@_15GANGMFKL@?$AA?$CF?$AAs@ 00000000000043f8     filesystem.obj
 0002:00000400       ??_C@_06CLEOMOHP@OpliOS@   0000000000004400     UefiMain.obj
 0002:00000408       ??_C@_1BK@GKEGGLDF@?$AA?$FL?$AA?5?$AA?$CF?$AAr?$AA?5?$AA?$FN?$AA?5?$AA?9?$AA?5?$AA?$CF?$AAs?$AA?6@ 0000000000004408     UefiMain.obj
 0002:00000428       ??_C@_1CO@FCKDOGEL@?$AAF?$AAa?$AAi?$AAl?$AAe?$AAd?$AA?5?$AAt?$AAo?$AA?5?$AAc?$AAl?$AAe?$AAa?$AAr@ 0000000000004428     UefiMain.obj
 0002:00000458       ??_C@_1CG@KJIFFOAI@?$AAF?$AAa?$AAi?$AAl?$AAe?$AAd?$AA?5?$AAt?$AAo?$AA?5?$AAg?$AAe?$AAt?$AA?5?$AAt@ 0000000000004458     UefiMain.obj
 0002:00000480       ??_C@_1EK@OHKLGHKH@?$AA?$CF?$AA0?$AA2?$AAd?$AA?1?$AA?$CF?$AA0?$AA2?$AAd?$AA?1?$AA?$CF?$AA0?$AA4?$AAd?$AA?5@ 0000000000004480     UefiMain.obj
 0002:000004d0       ??_C@_1DM@ILLAFNJN@?$AAF?$AAa?$AAi?$AAl?$AAe?$AAd?$AA?5?$AAt?$AAo?$AA?5?$AAc?$AAr?$AAe?$AAa?$AAt@ 00000000000044d0     UefiMain.obj
 0002:00000510       ??_C@_1GG@DGMLOHCE@?$AA?$FL?$AA?5?$AA?$CF?$AAr?$AA?5?$AA?$FN?$AA?5?$AAF?$AAa?$AAi?$AAl?$AAe?$AAd?$AA?5?$AAt@ 0000000000004510     UefiMain.obj
 0002:00000580       ??_C@_1EO@OOJPFBGO@?$AAL?$AAo?$AAo?$AAk?$AAi?$AAn?$AAg?$AA?5?$AAf?$AAo?$AAr?$AA?5?$AA?8?$AAk?$AAe@ 0000000000004580     UefiMain.obj
 0002:000005d0       ??_C@_1BG@EDPNAFFC@?$AAk?$AAe?$AAr?$AAn?$AAe?$AAl?$AA?4?$AAe?$AAx?$AAe@ 00000000000045d0     UefiMain.obj
 0002:000005e8       ??_C@_1CI@FNKHCEGF@?$AAG?$AAo?$AAt?$AA?5?$AAt?$AAh?$AAe?$AA?5?$AAf?$AAi?$AAl?$AAe?$AA?5?$AA?9?$AA?$DO@ 00000000000045e8     UefiMain.obj
 0002:00000610       ??_C@_1KE@GELFONFM@?$AAC?$AAo?$AAn?$AAt?$AAi?$AAn?$AAu?$AAi?$AAn?$AAg?$AA?5?$AAi?$AAn?$AA?5?$AA?$CF@ 0000000000004610     UefiMain.obj
 0002:000006b8       ??_C@_1DG@KPOCOKFJ@?$AA?6?$AAE?$AAr?$AAr?$AAo?$AAr?$AA?5?$AAs?$AAe?$AAt?$AAt?$AAi?$AAn?$AAg?$AA?5@ 00000000000046b8     UefiMain.obj
 0002:000006f0       ??_C@_1DA@KNBOBFPN@?$AAE?$AAr?$AAr?$AAo?$AAr?$AA?5?$AAr?$AAe?$AAa?$AAd?$AAi?$AAn?$AAg?$AA?5?$AAk@ 00000000000046f0     UefiMain.obj
 0002:00000720       ??_C@_1CC@CHEPKNAI@?$AA?6?$AAT?$AAi?$AAm?$AAe?$AAr?$AA?5?$AAs?$AAt?$AAo?$AAp?$AAp?$AAe?$AAd?$AA?4@ 0000000000004720     UefiMain.obj
 0002:00000744       ??_C@_13LBAGMAIH@?$AA?6@   0000000000004744     UefiMain.obj
 0002:00000748       ??_C@_1DK@PKIPGOCN@?$AAE?$AAr?$AAr?$AAo?$AAr?$AA?5?$AAr?$AAe?$AAs?$AAe?$AAt?$AAt?$AAi?$AAn?$AAg@ 0000000000004748     UefiMain.obj
 0002:00000784       ??_C@_15JNBOKNOG@?$AA?$AN?$AA?6@ 0000000000004784     UefiMain.obj
 0002:00000790       ??_C@_1BAM@BGOKOOIN@?$AAE?$AAF?$AAI?$AA?5?$AAS?$AAy?$AAs?$AAt?$AAe?$AAm?$AA?5?$AAT?$AAa?$AAb?$AAl@ 0000000000004790     UefiMain.obj
 0002:000008a0       ??_C@_1GO@CIHCAHGP@?$AA?5?$AA?5?$AA?5?$AAF?$AAi?$AAr?$AAm?$AAw?$AAa?$AAr?$AAe?$AA?5?$AAV?$AAe?$AAn@ 00000000000048a0     UefiMain.obj
 0002:00000910       gEfiCallerBaseName         0000000000004910     UefiMain.obj
 0002:00000918       _gUefiDriverRevision       0000000000004918     UefiMain.obj
 0002:0000091c       _PCD_GET_MODE_32_PcdMaximumAsciiStringLength 000000000000491c     GlueLib:pcd.obj
 0002:00000920       mStatusString              0000000000004920     BasePrintLib:PrintLibInternal.obj
 0002:00000a58       mHexStr                    0000000000004a58     BasePrintLib:PrintLibInternal.obj
 0002:00000a68       _PCD_GET_MODE_32_PcdMaximumUnicodeStringLength 0000000000004a68     GlueLib:pcd.obj
 0002:00000a6c       _PCD_GET_MODE_32_PcdUefiLibMaxPrintBufferSize 0000000000004a6c     GlueLib:pcd.obj
 0002:00000a70       _PCD_GET_MODE_32_PcdFixedDebugPrintErrorLevel 0000000000004a70     GlueLib:pcd.obj
 0002:00000a74       _PCD_GET_MODE_32_PcdDebugPrintErrorLevel 0000000000004a74     GlueLib:pcd.obj
 0002:00000a78       mUefiDevicePathLibEndDevicePath 0000000000004a78     UefiDevicePathLibDevicePathProtocol:UefiDevicePathLib.obj
 0002:00000a80       ??_C@_0EL@KKJCNFDK@C?3?2Users?2Opli?2source?2repos?2Visu@ 0000000000004a80     BaseLib:String.obj
 0002:00000ad0       ??_C@_0BH@MAAHKCPC@String?5?$CB?$DN?5?$CI?$CIvoid?5?$CK?$CJ?50?$CJ@ 0000000000004ad0     BaseLib:String.obj
 0002:00000ae8       ??_C@_0CD@BDCLIGHD@?$CI?$CIUINTN?$CJ?5String?5?$CG?50x00000001?$CJ?5?$DN@ 0000000000004ae8     BaseLib:String.obj
 0002:00000b10       ??_C@_0DI@MCKCGAIH@Length?5?$DM?5_PCD_GET_MODE_32_PcdMa@ 0000000000004b10     BaseLib:String.obj
 0002:00000b48       ??_C@_0BL@JAAMOCAJ@StrSize?5?$CIFirstString?$CJ?5?$CB?$DN?50@ 0000000000004b48     BaseLib:String.obj
 0002:00000b68       ??_C@_0BM@DALBOILC@StrSize?5?$CISecondString?$CJ?5?$CB?$DN?50@ 0000000000004b68     BaseLib:String.obj
 0002:00000b90       ??_C@_0EP@GFFMGEKL@C?3?2Users?2Opli?2source?2repos?2Visu@ 0000000000004b90     BaseLib:SafeString.obj
 0002:00000be0       ??_C@_0BJ@CNKJJNE@?$CIBuffer?5?$CB?$DN?5?$CI?$CIvoid?5?$CK?$CJ?50?$CJ?$CJ@ 0000000000004be0     BaseLib:SafeString.obj
 0002:00000c00       ??_C@_0N@KGHEHMDL@Divisor?5?$CB?$DN?50@ 0000000000004c00     BaseLib:DivU64x32.obj
 0002:00000c10       ??_C@_0CI@BGLNHBLM@?$CI?$CI?$CIUINTN?$CJ?5?$CIStartOfBuffer?$CJ?$CJ?5?$CG?50x@ 0000000000004c10     BasePrintLib:PrintLib.obj
 0002:00000c40       ??_C@_0FC@GJJADNOL@C?3?2Users?2Opli?2source?2repos?2Visu@ 0000000000004c40     BasePrintLib:PrintLib.obj
 0002:00000c98       ??_C@_0CH@KJLBGOBB@?$CI?$CI?$CIUINTN?$CJ?5?$CIFormatString?$CJ?$CJ?5?$CG?50x0@ 0000000000004c98     BasePrintLib:PrintLib.obj
 0002:00000cc0       ??_C@_07PBILKAFL@Success@  0000000000004cc0     BasePrintLib:PrintLibInternal.obj
 0002:00000cc8       ??_C@_0BG@CFJMNNJK@Warning?5Unknown?5Glyph@ 0000000000004cc8     BasePrintLib:PrintLibInternal.obj
 0002:00000ce0       ??_C@_0BH@GKKCJEPJ@Warning?5Delete?5Failure@ 0000000000004ce0     BasePrintLib:PrintLibInternal.obj
 0002:00000cf8       ??_C@_0BG@ECIJMOED@Warning?5Write?5Failure@ 0000000000004cf8     BasePrintLib:PrintLibInternal.obj
 0002:00000d10       ??_C@_0BJ@ODIPDGHB@Warning?5Buffer?5Too?5Small@ 0000000000004d10     BasePrintLib:PrintLibInternal.obj
 0002:00000d30       ??_C@_0BD@IFJNJCCO@Warning?5Stale?5Data@ 0000000000004d30     BasePrintLib:PrintLibInternal.obj
 0002:00000d48       ??_C@_0L@PLPBEPPC@Load?5Error@ 0000000000004d48     BasePrintLib:PrintLibInternal.obj
 0002:00000d58       ??_C@_0BC@HOFHKGJN@Invalid?5Parameter@ 0000000000004d58     BasePrintLib:PrintLibInternal.obj
 0002:00000d70       ??_C@_0M@BEECMOIL@Unsupported@ 0000000000004d70     BasePrintLib:PrintLibInternal.obj
 0002:00000d80       ??_C@_0BA@FLNMPMCF@Bad?5Buffer?5Size@ 0000000000004d80     BasePrintLib:PrintLibInternal.obj
 0002:00000d90       ??_C@_0BB@EGELJFOB@Buffer?5Too?5Small@ 0000000000004d90     BasePrintLib:PrintLibInternal.obj
 0002:00000da8       ??_C@_09NKFGCIPN@Not?5Ready@ 0000000000004da8     BasePrintLib:PrintLibInternal.obj
 0002:00000db8       ??_C@_0N@HHEABDHO@Device?5Error@ 0000000000004db8     BasePrintLib:PrintLibInternal.obj
 0002:00000dc8       ??_C@_0BA@LNEDDFNB@Write?5Protected@ 0000000000004dc8     BasePrintLib:PrintLibInternal.obj
 0002:00000dd8       ??_C@_0BB@GOILNEAA@Out?5of?5Resources@ 0000000000004dd8     BasePrintLib:PrintLibInternal.obj
 0002:00000df0       ??_C@_0P@EIOJGIF@Volume?5Corrupt@ 0000000000004df0     BasePrintLib:PrintLibInternal.obj
 0002:00000e00       ??_C@_0M@HDLEPOFA@Volume?5Full@ 0000000000004e00     BasePrintLib:PrintLibInternal.obj
 0002:00000e10       ??_C@_08KEGAJDNN@No?5Media@ 0000000000004e10     BasePrintLib:PrintLibInternal.obj
 0002:00000e20       ??_C@_0O@JNCJKCCD@Media?5changed@ 0000000000004e20     BasePrintLib:PrintLibInternal.obj
 0002:00000e30       ??_C@_09CFCBFJND@Not?5Found@ 0000000000004e30     BasePrintLib:PrintLibInternal.obj
 0002:00000e40       ??_C@_0O@NFHOBIDO@Access?5Denied@ 0000000000004e40     BasePrintLib:PrintLibInternal.obj
 0002:00000e50       ??_C@_0M@ENKCBFEP@No?5Response@ 0000000000004e50     BasePrintLib:PrintLibInternal.obj
 0002:00000e60       ??_C@_0L@IFPBNFC@No?5mapping@ 0000000000004e60     BasePrintLib:PrintLibInternal.obj
 0002:00000e70       ??_C@_08PAFJCNGP@Time?5out@ 0000000000004e70     BasePrintLib:PrintLibInternal.obj
 0002:00000e80       ??_C@_0M@DCJFAFHJ@Not?5started@ 0000000000004e80     BasePrintLib:PrintLibInternal.obj
 0002:00000e90       ??_C@_0BA@IGIBFFPH@Already?5started@ 0000000000004e90     BasePrintLib:PrintLibInternal.obj
 0002:00000ea0       ??_C@_07LCKDCBKK@Aborted@  0000000000004ea0     BasePrintLib:PrintLibInternal.obj
 0002:00000ea8       ??_C@_0L@LKIFCMNO@ICMP?5Error@ 0000000000004ea8     BasePrintLib:PrintLibInternal.obj
 0002:00000eb8       ??_C@_0L@DJKNJKHM@TFTP?5Error@ 0000000000004eb8     BasePrintLib:PrintLibInternal.obj
 0002:00000ec8       ??_C@_0P@NCJHBCLM@Protocol?5Error@ 0000000000004ec8     BasePrintLib:PrintLibInternal.obj
 0002:00000ed8       ??_C@_0BF@EHOBGFMI@Incompatible?5Version@ 0000000000004ed8     BasePrintLib:PrintLibInternal.obj
 0002:00000ef0       ??_C@_0BD@KHMPCIOG@Security?5Violation@ 0000000000004ef0     BasePrintLib:PrintLibInternal.obj
 0002:00000f08       ??_C@_09BOMAGJEG@CRC?5Error@ 0000000000004f08     BasePrintLib:PrintLibInternal.obj
 0002:00000f18       ??_C@_0N@JEJDHPO@End?5of?5Media@ 0000000000004f18     BasePrintLib:PrintLibInternal.obj
 0002:00000f28       ??_C@_0O@NMJOLAMF@Reserved?5?$CI29?$CJ@ 0000000000004f28     BasePrintLib:PrintLibInternal.obj
 0002:00000f38       ??_C@_0O@GLPDOMCP@Reserved?5?$CI30?$CJ@ 0000000000004f38     BasePrintLib:PrintLibInternal.obj
 0002:00000f48       ??_C@_0M@FKGOBENP@End?5of?5File@ 0000000000004f48     BasePrintLib:PrintLibInternal.obj
 0002:00000f58       ??_C@_0BB@KFJAMCOC@Invalid?5Language@ 0000000000004f58     BasePrintLib:PrintLibInternal.obj
 0002:00000f70       ??_C@_0BB@MFGDFIJM@Compromised?5Data@ 0000000000004f70     BasePrintLib:PrintLibInternal.obj
 0002:00000f88       ??_C@_0BH@IACGKAP@Buffer?5?$CB?$DN?5?$CI?$CIvoid?5?$CK?$CJ?50?$CJ@ 0000000000004f88     BasePrintLib:PrintLibInternal.obj
 0002:00000fa0       ??_C@_0FK@MHLHCADH@C?3?2Users?2Opli?2source?2repos?2Visu@ 0000000000004fa0     BasePrintLib:PrintLibInternal.obj
 0002:00001000       ??_C@_0DP@HLMPJDED@?$CIBufferSize?5?$DM?$DN?5?$CI_PCD_GET_MODE_3@ 0000000000005000     BasePrintLib:PrintLibInternal.obj
 0002:00001040       ??_C@_0BJ@PPAKKDJG@?$CIFormat?5?$CB?$DN?5?$CI?$CIvoid?5?$CK?$CJ?50?$CJ?$CJ@ 0000000000005040     BasePrintLib:PrintLibInternal.obj
 0002:00001060       ??_C@_0EB@GALGBGPL@?$CIBufferSize?5?$DM?$DN?5?$CI_PCD_GET_MODE_3@ 0000000000005060     BasePrintLib:PrintLibInternal.obj
 0002:000010b0       ??_C@_0II@GOBFNPGB@?$CIStrnLenS?5?$CI?$CICHAR16?5?$CK?$CJFormat?0?5?$CI_@ 00000000000050b0     BasePrintLib:PrintLibInternal.obj
 0002:00001140       ??_C@_0HP@IJHCJIFF@?$CIAsciiStrnLenS?5?$CIFormat?0?5?$CI_PCD_G@ 0000000000005140     BasePrintLib:PrintLibInternal.obj
 0002:000011c0       ??_C@_0O@MLOLIMFM@?$DMnull?5string?$DO@ 00000000000051c0     BasePrintLib:PrintLibInternal.obj
 0002:000011d0       ??_C@_0M@BJJDNPHK@?$DMnull?5guid?$DO@ 00000000000051d0     BasePrintLib:PrintLibInternal.obj
 0002:000011e0       ??_C@_0DB@PMLHLBMO@?$CF08x?9?$CF04x?9?$CF04x?9?$CF02x?$CF02x?9?$CF02x?$CF02@ 00000000000051e0     BasePrintLib:PrintLibInternal.obj
 0002:00001218       ??_C@_0M@LHGBCIKM@?$DMnull?5time?$DO@ 0000000000005218     BasePrintLib:PrintLibInternal.obj
 0002:00001228       ??_C@_0BK@FCPKCIDD@?$CF02d?1?$CF02d?1?$CF04d?5?5?$CF02d?3?$CF02d@ 0000000000005228     BasePrintLib:PrintLibInternal.obj
 0002:00001244       ??_C@_04JIMNDDED@?$CF08X@  0000000000005244     BasePrintLib:PrintLibInternal.obj
 0002:0000124c       ??_C@_02PCIJFNDE@?$AN?6@   000000000000524c     BasePrintLib:PrintLibInternal.obj
 0002:00001250       ??_C@_01LIIJDEN@?$AN@      0000000000005250     BasePrintLib:PrintLibInternal.obj
 0002:00001258       ??_C@_0BH@LKMBFCBF@Format?5?$CB?$DN?5?$CI?$CIvoid?5?$CK?$CJ?50?$CJ@ 0000000000005258     UefiLib:UefiLibPrint.obj
 0002:00001270       ??_C@_0FB@KNLNFFMO@C?3?2Users?2Opli?2source?2repos?2Visu@ 0000000000005270     UefiLib:UefiLibPrint.obj
 0002:000012c8       ??_C@_0CD@NJDNMGBE@?$CI?$CIUINTN?$CJ?5Format?5?$CG?50x00000001?$CJ?5?$DN@ 00000000000052c8     UefiLib:UefiLibPrint.obj
 0002:000012f0       ??_C@_0BI@DIKLKBJC@Console?5?$CB?$DN?5?$CI?$CIvoid?5?$CK?$CJ?50?$CJ@ 00000000000052f0     UefiLib:UefiLibPrint.obj
 0002:00001308       ??_C@_0BN@COECPDCC@gImageHandle?5?$CB?$DN?5?$CI?$CIvoid?5?$CK?$CJ?50?$CJ@ 0000000000005308     UefiBootServicesTableLib:UefiBootServicesTableLib.obj
 0002:00001330       ??_C@_0GO@HHCHPEOF@C?3?2Users?2Opli?2source?2repos?2Visu@ 0000000000005330     UefiBootServicesTableLib:UefiBootServicesTableLib.obj
 0002:000013a0       ??_C@_0BE@DGNHAHIL@gST?5?$CB?$DN?5?$CI?$CIvoid?5?$CK?$CJ?50?$CJ@ 00000000000053a0     UefiBootServicesTableLib:UefiBootServicesTableLib.obj
 0002:000013b8       ??_C@_0BE@BDFJLGLN@gBS?5?$CB?$DN?5?$CI?$CIvoid?5?$CK?$CJ?50?$CJ@ 00000000000053b8     UefiBootServicesTableLib:UefiBootServicesTableLib.obj
 0002:000013d0       ??_C@_0FI@CDONBHF@C?3?2Users?2Opli?2source?2repos?2Visu@ 00000000000053d0     UefiDebugLibConOut:DebugLib.obj
 0002:00001428       ??_C@_0BI@NOCKJDBJ@ASSERT?5?$FL?$CFa?$FN?5?$CFa?$CI?$CFd?$CJ?3?5?$CFa?6@ 0000000000005428     UefiDebugLibConOut:DebugLib.obj
 0002:00001440       ??_C@_0FJ@IDNJDFEF@C?3?2Users?2Opli?2source?2repos?2Visu@ 0000000000005440     UefiMemoryLib:ZeroMemWrapper.obj
 0002:000014a0       ??_C@_0DG@EEENIGGL@Length?5?$DM?$DN?5?$CI0xFFFFFFFFFFFFFFFFUL@ 00000000000054a0     UefiMemoryLib:ZeroMemWrapper.obj
 0002:000014e0       ??_C@_0GI@NCMNDGAA@C?3?2Users?2Opli?2source?2repos?2Visu@ 00000000000054e0     UefiMemoryAllocationLib:MemoryAllocationLib.obj
 0002:00001548       ??_C@_0CB@DMEJJJHA@?6ASSERT_EFI_ERROR?5?$CIStatus?5?$DN?5?$CFr?$CJ@ 0000000000005548     UefiMemoryAllocationLib:MemoryAllocationLib.obj
 0002:00001570       ??_C@_0BE@DCHLEIGN@?$CBEFI_ERROR?5?$CIStatus?$CJ@ 0000000000005570     UefiMemoryAllocationLib:MemoryAllocationLib.obj
 0002:00001590       ??_C@_0EO@KMECCANK@C?3?2Users?2Opli?2source?2repos?2Visu@ 0000000000005590     BaseLib:Unaligned.obj
 0002:000015e0       ??_C@_0FH@JCJEOJHA@C?3?2Users?2Opli?2source?2repos?2Visu@ 00000000000055e0     BaseLib:DivU64x32Remainder.obj
 0002:00001638       ??_C@_0BE@OBDFIHND@gRT?5?$CB?$DN?5?$CI?$CIvoid?5?$CK?$CJ?50?$CJ@ 0000000000005638     UefiRuntimeServicesTableLib:UefiRuntimeServicesTableLib.obj
 0002:00001650       ??_C@_0HE@NOMNGPNH@C?3?2Users?2Opli?2source?2repos?2Visu@ 0000000000005650     UefiRuntimeServicesTableLib:UefiRuntimeServicesTableLib.obj
 0002:000016d0       ??_C@_0HC@GFONKHIP@C?3?2Users?2Opli?2source?2repos?2Visu@ 00000000000056d0     UefiDevicePathLibDevicePathProtocol:UefiDevicePathLib.obj
 0002:00001748       ??_C@_0DC@CNNBPJA@mDevicePathLibDevicePathUtiliti@ 0000000000005748     UefiDevicePathLibDevicePathProtocol:UefiDevicePathLib.obj
 0002:00001780       ??_C@_0GI@LLLCGPMB@C?3?2Users?2Opli?2source?2repos?2Visu@ 0000000000005780     UefiHiiServicesLib:UefiHiiServicesLib.obj
 0002:00001858       __volatile_metadata        0000000000005858     <linker-defined>
 0003:00000000       gEfiFileInfoGuid           0000000000006000     GlueLib:guid.obj
 0003:00000010       gEfiGlobalVariableGuid     0000000000006010     GlueLib:guid.obj
 0003:00000020       gEfiSimpleTextOutProtocolGuid 0000000000006020     GlueLib:guid.obj
 0003:00000030       gEfiDevicePathProtocolGuid 0000000000006030     GlueLib:guid.obj
 0003:00000040       gEfiDevicePathToTextProtocolGuid 0000000000006040     GlueLib:guid.obj
 0003:00000050       gEfiHiiConfigRoutingProtocolGuid 0000000000006050     GlueLib:guid.obj
 0003:00000060       gEfiHiiImageProtocolGuid   0000000000006060     GlueLib:guid.obj
 0003:00000070       gEfiDevicePathUtilitiesProtocolGuid 0000000000006070     GlueLib:guid.obj
 0003:00000080       gEfiDevicePathFromTextProtocolGuid 0000000000006080     GlueLib:guid.obj
 0003:00000090       gEfiGraphicsOutputProtocolGuid 0000000000006090     GlueLib:guid.obj
 0003:000000a0       gEfiHiiDatabaseProtocolGuid 00000000000060a0     GlueLib:guid.obj
 0003:000000b0       gEfiSimpleFileSystemProtocolGuid 00000000000060b0     GlueLib:guid.obj
 0003:000000c0       gEfiHiiStringProtocolGuid  00000000000060c0     GlueLib:guid.obj
 0003:000000d0       gEfiUgaDrawProtocolGuid    00000000000060d0     GlueLib:guid.obj
 0003:000000e0       gEfiHiiFontProtocolGuid    00000000000060e0     GlueLib:guid.obj
 0003:000000f0       mEfiColors                 00000000000060f0     UefiLib:UefiLibPrint.obj
 0003:00000140       gImageHandle               0000000000006140     UefiBootServicesTableLib:UefiBootServicesTableLib.obj
 0003:00000148       gBS                        0000000000006148     UefiBootServicesTableLib:UefiBootServicesTableLib.obj
 0003:00000150       gST                        0000000000006150     UefiBootServicesTableLib:UefiBootServicesTableLib.obj
 0003:00000158       _PCD_GET_MODE_8_PcdDebugPropertyMask 0000000000006158     GlueLib:pcd.obj
 0003:00000160       gRT                        0000000000006160     UefiRuntimeServicesTableLib:UefiRuntimeServicesTableLib.obj
 0003:00000168       mDevicePathLibDevicePathUtilities 0000000000006168     UefiDevicePathLibDevicePathProtocol:UefiDevicePathLib.obj
 0003:00000170       gHiiString                 0000000000006170     UefiHiiServicesLib:UefiHiiServicesLib.obj
 0003:00000178       gHiiFont                   0000000000006178     UefiHiiServicesLib:UefiHiiServicesLib.obj
 0003:00000180       gHiiConfigRouting          0000000000006180     UefiHiiServicesLib:UefiHiiServicesLib.obj
 0003:00000188       gHiiImage                  0000000000006188     UefiHiiServicesLib:UefiHiiServicesLib.obj
 0003:00000190       gHiiDatabase               0000000000006190     UefiHiiServicesLib:UefiHiiServicesLib.obj
 0003:000001d8       LAST_ERROR                 00000000000061d8     <common>

 entry point at        0001:0000220c

 Static symbols

 0002:00001980       $unwind$BlGetRootDirectory 0000000000005980     filesystem.obj
 0002:00001988       $unwind$BlGetRootDirectoryByIndex 0000000000005988     filesystem.obj
 0002:00001990       $unwind$BlFindFile         0000000000005990     filesystem.obj
 0002:00001998       $unwind$BlListDirectoryRecursive 0000000000005998     filesystem.obj
 0002:000019b0       $unwind$TRY                00000000000059b0     UefiMain.obj
 0002:000019b0       $unwind$StrnLenS           00000000000059b0     BaseLib:SafeString.obj
 0002:000019b0       $unwind$EfiMain            00000000000059b0     UefiApplicationEntryPoint:ApplicationEntryPoint.obj
 0002:000019b0       $unwind$AllocateZeroPool   00000000000059b0     UefiMemoryAllocationLib:MemoryAllocationLib.obj
 0002:000019b8       $unwind$UefiMain           00000000000059b8     UefiMain.obj
 0002:000019cc       $unwind$getc               00000000000059cc     util.obj
 0002:000019d4       $unwind$strfmt             00000000000059d4     util.obj
 0002:000019e0       $unwind$StrCmp             00000000000059e0     BaseLib:String.obj
 0002:000019e0       $unwind$StrLen             00000000000059e0     BaseLib:String.obj
 0002:000019e0       $unwind$BasePrintLibValueToString 00000000000059e0     BasePrintLib:PrintLibInternal.obj
 0002:000019f0       $unwind$UnicodeVSPrint     00000000000059f0     BasePrintLib:PrintLib.obj
 0002:000019f0       $unwind$UnicodeVSPrintAsciiFormat 00000000000059f0     BasePrintLib:PrintLib.obj
 0002:00001a04       $unwind$UnicodeSPrintAsciiFormat 0000000000005a04     BasePrintLib:PrintLib.obj
 0002:00001a0c       $unwind$BasePrintLibSPrintMarker 0000000000005a0c     BasePrintLib:PrintLibInternal.obj
 0002:00001a28       $unwind$BasePrintLibSPrint 0000000000005a28     BasePrintLib:PrintLibInternal.obj
 0002:00001a30       $unwind$InternalPrint      0000000000005a30     UefiLib:UefiLibPrint.obj
 0002:00001a48       $unwind$Print              0000000000005a48     UefiLib:UefiLibPrint.obj
 0002:00001a50       $unwind$DebugPrint         0000000000005a50     UefiDebugLibConOut:DebugLib.obj
 0002:00001a5c       $unwind$DebugAssert        0000000000005a5c     UefiDebugLibConOut:DebugLib.obj
 0002:00001a64       $unwind$ZeroMem            0000000000005a64     UefiMemoryLib:ZeroMemWrapper.obj
 0002:00001a70       $unwind$FreePool           0000000000005a70     UefiMemoryAllocationLib:MemoryAllocationLib.obj
 0002:00001a70       $unwind$InternalAllocatePool 0000000000005a70     UefiMemoryAllocationLib:MemoryAllocationLib.obj
 0002:00001a78       $unwind$ProcessLibraryConstructorList 0000000000005a78     GlueLib:initlib.obj
 0003:00000130       __FileSystemProtoclGUID__  0000000000006130     filesystem.obj
 0003:00000198       FILE_SYSTEM_STATUS         0000000000006198     filesystem.obj
 0003:000001a0       CurrentDirectory           00000000000061a0     filesystem.obj
 0003:000001a8       LoadedImage                00000000000061a8     filesystem.obj
 0003:000001b0       FILE_SYSTEM_STATUS         00000000000061b0     UefiMain.obj
 0003:000001b8       CIN                        00000000000061b8     UefiMain.obj
 0003:000001c0       RT                         00000000000061c0     UefiMain.obj
 0003:000001c8       COUT                       00000000000061c8     UefiMain.obj
 0003:000001d0       ST                         00000000000061d0     UefiMain.obj

 Exports

  ordinal    name

